    Updating crates.io index
 Downloading crates ...
  Downloaded keccak v0.1.0
  Downloaded opaque-debug v0.3.0
  Downloaded block-buffer v0.9.0
  Downloaded serde_derive v1.0.136
  Downloaded crypto-mac v0.8.0
  Downloaded libsecp256k1-gen-ecmult v0.2.1
  Downloaded subtle v2.4.1
  Downloaded arrayref v0.3.6
  Downloaded hmac-drbg v0.3.0
  Downloaded version_check v0.9.4
  Downloaded crunchy v0.2.2
  Downloaded libsecp256k1-gen-genmult v0.2.1
  Downloaded digest v0.9.0
  Downloaded serde v1.0.136
  Downloaded cpufeatures v0.2.1
  Downloaded libsecp256k1-core v0.2.2
  Downloaded ppv-lite86 v0.2.16
  Downloaded rand_chacha v0.2.2
  Downloaded quote v1.0.15
  Downloaded cfg-if v1.0.0
  Downloaded rand_hc v0.2.0
  Downloaded block-padding v0.2.1
  Downloaded typenum v1.15.0
  Downloaded rand_core v0.5.1
  Downloaded hmac v0.8.1
  Downloaded getrandom v0.1.16
  Downloaded libsecp256k1 v0.5.0
  Downloaded itoa v1.0.1
  Downloaded generic-array v0.14.5
  Downloaded proc-macro2 v1.0.36
  Downloaded ryu v1.0.9
  Downloaded wasi v0.9.0+wasi-snapshot-preview1
  Downloaded rand v0.7.3
  Downloaded serde_json v1.0.79
  Downloaded syn v1.0.86
  Downloaded sha2 v0.9.9
  Downloaded base64 v0.12.3
  Downloaded unicode-xid v0.2.2
  Downloaded libc v0.2.117
  Downloaded sha3 v0.9.1
