Traceback (most recent call last):
  File "<scratch>/r4/simulate_windows_text_defaults.py", line 36, in <module>
    runpy.run_path(sys.argv[0], run_name='__main__')
    ~~~~~~~~~~~~~~^^^^^^^^^^^^^^^^^^^^^^^^^^^^^^^^^^
  File "<frozen runpy>", line 294, in run_path
  File "<frozen runpy>", line 98, in _run_module_code
  File "<frozen runpy>", line 88, in _run_code
  File "tests/lp3_genesis_diff.py", line 386, in <module>
    sys.exit(main())
             ~~~~^^
  File "tests/lp3_genesis_diff.py", line 323, in main
    gdoc = json.loads((m1 / 'm1-draft-0.21/vectors/v3-gsv1.json').read_text())
                      ~~~~~~~~~~~~~~~~~~~~~~~~~~~~~~~~~~~~~~~~~~~~~~~~~~~~~^^
  File "/usr/lib/python3.13/pathlib/_local.py", line 546, in read_text
    return PathBase.read_text(self, encoding, errors, newline)
           ~~~~~~~~~~~~~~~~~~^^^^^^^^^^^^^^^^^^^^^^^^^^^^^^^^^
  File "/usr/lib/python3.13/pathlib/_abc.py", line 633, in read_text
    return f.read()
           ~~~~~~^^
  File "/usr/lib/python3.13/encodings/cp1252.py", line 23, in decode
    return codecs.charmap_decode(input,self.errors,decoding_table)[0]
           ~~~~~~~~~~~~~~~~~~~~~^^^^^^^^^^^^^^^^^^^^^^^^^^^^^^^^^^
UnicodeDecodeError: 'charmap' codec can't decode byte 0x81 in position 423: character maps to <undefined>
